+------------------------------------------------------------------------------------------------+
| npu-smi 25.5.1                   Version: 25.5.1                                               |
+---------------------------+---------------+----------------------------------------------------+
| NPU   Name                | Health        | Power(W)    Temp(C)           Hugepages-Usage(page)|
| Chip                      | Bus-Id        | AICore(%)   Memory-Usage(MB)  HBM-Usage(MB)        |
+===========================+===============+====================================================+
| 0     910B3               | OK            | 97.9        36                0    / 0             |
| 0                         | 0000:C1:00.0  | 0           0    / 0          3455 / 65536         |
+===========================+===============+====================================================+
| 1     910B3               | OK            | 93.0        33                0    / 0             |
| 0                         | 0000:C2:00.0  | 0           0    / 0          3455 / 65536         |
+===========================+===============+====================================================+
| 2     910B3               | OK            | 90.0        33                0    / 0             |
| 0                         | 0000:81:00.0  | 0           0    / 0          3455 / 65536         |
+===========================+===============+====================================================+
| 3     910B3               | OK            | 93.4        34                0    / 0             |
| 0                         | 0000:82:00.0  | 0           0    / 0          3456 / 65536         |
+===========================+===============+====================================================+
+---------------------------+---------------+----------------------------------------------------+
| NPU     Chip              | Process id    | Process name             | Process memory(MB)      |
+===========================+===============+====================================================+
| No running processes found in NPU 0                                                            |
+===========================+===============+====================================================+
| No running processes found in NPU 1                                                            |
+===========================+===============+====================================================+
| No running processes found in NPU 2                                                            |
+===========================+===============+====================================================+
| No running processes found in NPU 3                                                            |
+===========================+===============+====================================================+
