+------------------------------------------------------------------------------------------------+
| npu-smi 25.5.1                   Version: 25.5.1                                               |
+---------------------------+---------------+----------------------------------------------------+
| NPU   Name                | Health        | Power(W)    Temp(C)           Hugepages-Usage(page)|
| Chip                      | Bus-Id        | AICore(%)   Memory-Usage(MB)  HBM-Usage(MB)        |
+===========================+===============+====================================================+
| 0     910B3               | OK            | 163.6       43                0    / 0             |
| 0                         | 0000:C1:00.0  | 77          0    / 0          60343/ 65536         |
+===========================+===============+====================================================+
| 1     910B3               | OK            | 157.9       42                0    / 0             |
| 0                         | 0000:C2:00.0  | 76          0    / 0          60342/ 65536         |
+===========================+===============+====================================================+
| 2     910B3               | OK            | 153.7       43                0    / 0             |
| 0                         | 0000:81:00.0  | 78          0    / 0          60343/ 65536         |
+===========================+===============+====================================================+
| 3     910B3               | OK            | 158.0       45                0    / 0             |
| 0                         | 0000:82:00.0  | 78          0    / 0          60343/ 65536         |
+===========================+===============+====================================================+
+---------------------------+---------------+----------------------------------------------------+
| NPU     Chip              | Process id    | Process name             | Process memory(MB)      |
+===========================+===============+====================================================+
| 0       0                 | 609           | VLLMWorker_TP            | 56934                   |
+===========================+===============+====================================================+
| 1       0                 | 610           | VLLMWorker_TP            | 56934                   |
+===========================+===============+====================================================+
| 2       0                 | 611           | VLLMWorker_TP            | 56934                   |
+===========================+===============+====================================================+
| 3       0                 | 612           | VLLMWorker_TP            | 56934                   |
+===========================+===============+====================================================+
