+------------------------------------------------------------------------------------------------+
| npu-smi 25.5.1                   Version: 25.5.1                                               |
+---------------------------+---------------+----------------------------------------------------+
| NPU   Name                | Health        | Power(W)    Temp(C)           Hugepages-Usage(page)|
| Chip                      | Bus-Id        | AICore(%)   Memory-Usage(MB)  HBM-Usage(MB)        |
+===========================+===============+====================================================+
| 0     910B3               | OK            | 98.2        36                0    / 0             |
| 0                         | 0000:C1:00.0  | 0           0    / 0          3426 / 65536         |
+===========================+===============+====================================================+
| 1     910B3               | OK            | 93.2        34                0    / 0             |
| 0                         | 0000:C2:00.0  | 0           0    / 0          3427 / 65536         |
+===========================+===============+====================================================+
| 2     910B3               | OK            | 90.4        33                0    / 0             |
| 0                         | 0000:81:00.0  | 0           0    / 0          3427 / 65536         |
+===========================+===============+====================================================+
| 3     910B3               | OK            | 94.0        35                0    / 0             |
| 0                         | 0000:82:00.0  | 0           0    / 0          3427 / 65536         |
+===========================+===============+====================================================+
+---------------------------+---------------+----------------------------------------------------+
| NPU     Chip              | Process id    | Process name             | Process memory(MB)      |
+===========================+===============+====================================================+
| No running processes found in NPU 0                                                            |
+===========================+===============+====================================================+
| No running processes found in NPU 1                                                            |
+===========================+===============+====================================================+
| No running processes found in NPU 2                                                            |
+===========================+===============+====================================================+
| No running processes found in NPU 3                                                            |
+===========================+===============+====================================================+
