+------------------------------------------------------------------------------------------------+
| npu-smi 25.5.1                   Version: 25.5.1                                               |
+---------------------------+---------------+----------------------------------------------------+
| NPU   Name                | Health        | Power(W)    Temp(C)           Hugepages-Usage(page)|
| Chip                      | Bus-Id        | AICore(%)   Memory-Usage(MB)  HBM-Usage(MB)        |
+===========================+===============+====================================================+
| 0     910B3               | OK            | 169.5       43                0    / 0             |
| 0                         | 0000:C1:00.0  | 78          0    / 0          60311/ 65536         |
+===========================+===============+====================================================+
| 1     910B3               | OK            | 158.7       42                0    / 0             |
| 0                         | 0000:C2:00.0  | 76          0    / 0          60310/ 65536         |
+===========================+===============+====================================================+
| 2     910B3               | OK            | 157.2       44                0    / 0             |
| 0                         | 0000:81:00.0  | 77          0    / 0          60311/ 65536         |
+===========================+===============+====================================================+
| 3     910B3               | OK            | 161.1       46                0    / 0             |
| 0                         | 0000:82:00.0  | 78          0    / 0          60310/ 65536         |
+===========================+===============+====================================================+
+---------------------------+---------------+----------------------------------------------------+
| NPU     Chip              | Process id    | Process name             | Process memory(MB)      |
+===========================+===============+====================================================+
| 0       0                 | 617           | VLLMWorker_TP            | 56937                   |
+===========================+===============+====================================================+
| 1       0                 | 618           | VLLMWorker_TP            | 56937                   |
+===========================+===============+====================================================+
| 2       0                 | 619           | VLLMWorker_TP            | 56937                   |
+===========================+===============+====================================================+
| 3       0                 | 620           | VLLMWorker_TP            | 56937                   |
+===========================+===============+====================================================+
