+------------------------------------------------------------------------------------------------+
| npu-smi 25.5.1                   Version: 25.5.1                                               |
+---------------------------+---------------+----------------------------------------------------+
| NPU   Name                | Health        | Power(W)    Temp(C)           Hugepages-Usage(page)|
| Chip                      | Bus-Id        | AICore(%)   Memory-Usage(MB)  HBM-Usage(MB)        |
+===========================+===============+====================================================+
| 0     910B3               | OK            | 146.2       39                0    / 0             |
| 0                         | 0000:C1:00.0  | 94          0    / 0          60340/ 65536         |
+===========================+===============+====================================================+
| 1     910B3               | OK            | 140.1       39                0    / 0             |
| 0                         | 0000:C2:00.0  | 93          0    / 0          60339/ 65536         |
+===========================+===============+====================================================+
| 2     910B3               | OK            | 137.3       39                0    / 0             |
| 0                         | 0000:81:00.0  | 92          0    / 0          60339/ 65536         |
+===========================+===============+====================================================+
| 3     910B3               | OK            | 139.9       41                0    / 0             |
| 0                         | 0000:82:00.0  | 92          0    / 0          60339/ 65536         |
+===========================+===============+====================================================+
+---------------------------+---------------+----------------------------------------------------+
| NPU     Chip              | Process id    | Process name             | Process memory(MB)      |
+===========================+===============+====================================================+
| 0       0                 | 609           | VLLMWorker_TP            | 56930                   |
+===========================+===============+====================================================+
| 1       0                 | 627           | VLLMWorker_TP            | 56930                   |
+===========================+===============+====================================================+
| 2       0                 | 672           | VLLMWorker_TP            | 56930                   |
+===========================+===============+====================================================+
| 3       0                 | 717           | VLLMWorker_TP            | 56930                   |
+===========================+===============+====================================================+
