+------------------------------------------------------------------------------------------------+
| npu-smi 25.5.1                   Version: 25.5.1                                               |
+---------------------------+---------------+----------------------------------------------------+
| NPU   Name                | Health        | Power(W)    Temp(C)           Hugepages-Usage(page)|
| Chip                      | Bus-Id        | AICore(%)   Memory-Usage(MB)  HBM-Usage(MB)        |
+===========================+===============+====================================================+
| 0     910B3               | OK            | 145.9       39                0    / 0             |
| 0                         | 0000:C1:00.0  | 93          0    / 0          60307/ 65536         |
+===========================+===============+====================================================+
| 1     910B3               | OK            | 143.7       39                0    / 0             |
| 0                         | 0000:C2:00.0  | 91          0    / 0          60307/ 65536         |
+===========================+===============+====================================================+
| 2     910B3               | OK            | 137.2       40                0    / 0             |
| 0                         | 0000:81:00.0  | 94          0    / 0          60307/ 65536         |
+===========================+===============+====================================================+
| 3     910B3               | OK            | 142.9       41                0    / 0             |
| 0                         | 0000:82:00.0  | 93          0    / 0          60307/ 65536         |
+===========================+===============+====================================================+
+---------------------------+---------------+----------------------------------------------------+
| NPU     Chip              | Process id    | Process name             | Process memory(MB)      |
+===========================+===============+====================================================+
| 0       0                 | 617           | VLLMWorker_TP            | 56933                   |
+===========================+===============+====================================================+
| 1       0                 | 636           | VLLMWorker_TP            | 56933                   |
+===========================+===============+====================================================+
| 2       0                 | 681           | VLLMWorker_TP            | 56933                   |
+===========================+===============+====================================================+
| 3       0                 | 728           | VLLMWorker_TP            | 56933                   |
+===========================+===============+====================================================+
